// Vitest Snapshot v1, https://vitest.dev/guide/snapshot.html

exports[`App > Renders correctly 1`] = `
<header>
  <div class="links">
    <a
      class="link"
      href="#/violations"
    >Violations</a>
    <a
      class="link"
      href="#/about"
    >About</a>
  </div>
  <div class="icons">
    <a
      href="https://vue-dev-tools-accessibility.github.io"
      target="_blank"
    ><svg
      viewBox="0 0 36 36"
      xmlns="http://www.w3.org/2000/svg"
    >
        <path
      d="M21.89 4H7.83A1.88 1.88 0 0 0 6 5.91v24.18A1.88 1.88 0 0 0 7.83 32h20.34A1.88 1.88 0 0 0 30 30.09V11.92Zm-.3 2.49l6 5.9h-6ZM8 30V6h12v8h8v16Z"
      fill="currentColor"
    />
        <path
      d="M0 0h36v36H0z"
      fill="none"
    />
        <title>View Documentation</title>
      </svg></a>
    <a
      href="https://github.com/vue-dev-tools-accessibility/vue-dev-tools-accessibility"
      target="_blank"
    ><svg
      viewBox="0 0 24 24"
      xmlns="http://www.w3.org/2000/svg"
    >
        <path
      d="M12 2A10 10 0 0 0 2 12c0 4.42 2.87 8.17 6.84 9.5c.5.08.66-.23.66-.5v-1.69c-2.77.6-3.36-1.34-3.36-1.34c-.46-1.16-1.11-1.47-1.11-1.47c-.91-.62.07-.6.07-.6c1 .07 1.53 1.03 1.53 1.03c.87 1.52 2.34 1.07 2.91.83c.09-.65.35-1.09.63-1.34c-2.22-.25-4.55-1.11-4.55-4.92c0-1.11.38-2 1.03-2.71c-.1-.25-.45-1.29.1-2.64c0 0 .84-.27 2.75 1.02c.79-.22 1.65-.33 2.5-.33s1.71.11 2.5.33c1.91-1.29 2.75-1.02 2.75-1.02c.55 1.35.2 2.39.1 2.64c.65.71 1.03 1.6 1.03 2.71c0 3.82-2.34 4.66-4.57 4.91c.36.31.69.92.69 1.85V21c0 .27.16.59.67.5C19.14 20.16 22 16.42 22 12A10 10 0 0 0 12 2"
      fill="currentColor"
    />
        <title>Star on GitHub</title>
      </svg></a>
  </div>
</header>
<main>
  <!---->
</main>
`;
